#
# There is insufficient memory for the Java Runtime Environment to continue.
# Native memory allocation (malloc) failed to allocate 136976 bytes. Error detail: Chunk::new
# Possible reasons:
#   The system is out of physical RAM or swap space
#   This process is running with CompressedOops enabled, and the Java Heap may be blocking the growth of the native heap
# Possible solutions:
#   Reduce memory load on the system
#   Increase physical memory or swap space
#   Check if swap backing store is full
#   Decrease Java heap size (-Xmx/-Xms)
#   Decrease number of Java threads
#   Decrease Java thread stack sizes (-Xss)
#   Set larger code cache with -XX:ReservedCodeCacheSize=
#   JVM is running with Unscaled Compressed Oops mode in which the Java heap is
#     placed in the first 4GB address space. The Java Heap base address is the
#     maximum limit for the native heap growth. Please use -XX:HeapBaseMinAddress
#     to set the Java Heap base and to place the Java Heap above 4GB virtual address.
# This output file may be truncated or incomplete.
#
#  Out of Memory Error (arena.cpp:149), pid=15540, tid=10808
#
# JRE version: OpenJDK Runtime Environment (23.0.1+11) (build 23.0.1+11-39)
# Java VM: OpenJDK 64-Bit Server VM (23.0.1+11-39, mixed mode, sharing, tiered, compressed oops, compressed class ptrs, g1 gc, windows-amd64)
# No core dump will be written. Minidumps are not enabled by default on client versions of Windows
#

---------------  S U M M A R Y ------------

Command Line: -javaagent:C:\Program Files\JetBrains\IntelliJ IDEA Community Edition 2024.3.1.1\lib\idea_rt.jar=63086:C:\Program Files\JetBrains\IntelliJ IDEA Community Edition 2024.3.1.1\bin -Dfile.encoding=UTF-8 -Dsun.stdout.encoding=UTF-8 -Dsun.stderr.encoding=UTF-8 com.example.student_library_management_system.StudentLibraryManagementSystemApplication

Host: Intel(R) Core(TM) i5-7200U CPU @ 2.50GHz, 4 cores, 3G,  Windows 10 , 64 bit Build 19041 (10.0.19041.5915)
Time: Mon Sep 28 20:28:21 2026 India Standard Time elapsed time: 95.761468 seconds (0d 0h 1m 35s)

---------------  T H R E A D  ---------------

Current thread (0x00000283c114f1c0):  JavaThread "C2 CompilerThread0" daemon [_thread_in_native, id=10808, stack(0x000000af06200000,0x000000af06300000) (1024K)]


Current CompileTask:
C2:95761 6903       4       org.springframework.boot.devtools.filewatch.FileSnapshot::hashCode (49 bytes)

Stack: [0x000000af06200000,0x000000af06300000]
Native frames: (J=compiled Java code, j=interpreted, Vv=VM code, C=native code)
V  [jvm.dll+0x6e08b9]  (no source info available)
V  [jvm.dll+0x87dc83]  (no source info available)
V  [jvm.dll+0x88010e]  (no source info available)
V  [jvm.dll+0x8807e3]  (no source info available)
V  [jvm.dll+0x27aee6]  (no source info available)
V  [jvm.dll+0xbc06f]  (no source info available)
V  [jvm.dll+0xbc2cb]  (no source info available)
V  [jvm.dll+0x3b3a62]  (no source info available)
V  [jvm.dll+0x38a42b]  (no source info available)
V  [jvm.dll+0x38989a]  (no source info available)
V  [jvm.dll+0x244aa1]  (no source info available)
V  [jvm.dll+0x243dff]  (no source info available)
V  [jvm.dll+0x1c33a0]  (no source info available)
V  [jvm.dll+0x253cf1]  (no source info available)
V  [jvm.dll+0x251faa]  (no source info available)
V  [jvm.dll+0x3ee036]  (no source info available)
V  [jvm.dll+0x824f8b]  (no source info available)
V  [jvm.dll+0x6df065]  (no source info available)
C  [ucrtbase.dll+0x21bb2]  (no source info available)
C  [KERNEL32.DLL+0x17374]  (no source info available)
C  [ntdll.dll+0x4cc91]  (no source info available)

Lock stack of current Java thread (top to bottom):


---------------  P R O C E S S  ---------------

Threads class SMR info:
_java_thread_list=0x00000283c897b030, length=30, elements={
0x00000283c1130a70, 0x00000283c1133750, 0x00000283c11343b0, 0x00000283c11374b0,
0x00000283c1137f10, 0x00000283c113d6d0, 0x00000283c114f1c0, 0x00000283c11540b0,
0x00000283c1256cf0, 0x00000283c12552b0, 0x00000283c1257380, 0x00000283c74e8380,
0x00000283c74eaae0, 0x00000283c74eb170, 0x00000283c74e90a0, 0x00000283c74e41e0,
0x00000283c74e4870, 0x00000283c74e4f00, 0x00000283c984c6f0, 0x00000283c984cd80,
0x00000283c984d410, 0x00000283c9852960, 0x00000283c98515b0, 0x00000283c984daa0,
0x00000283c9851c40, 0x00000283c98522d0, 0x00000283c9852ff0, 0x00000283c984e130,
0x00000283c984e7c0, 0x00000283c984ee50
}

Java Threads: ( => current thread )
  0x00000283c1130a70 JavaThread "Reference Handler"          daemon [_thread_blocked, id=1756, stack(0x000000af05c00000,0x000000af05d00000) (1024K)]
  0x00000283c1133750 JavaThread "Finalizer"                  daemon [_thread_blocked, id=14328, stack(0x000000af05d00000,0x000000af05e00000) (1024K)]
  0x00000283c11343b0 JavaThread "Signal Dispatcher"          daemon [_thread_blocked, id=5292, stack(0x000000af05e00000,0x000000af05f00000) (1024K)]
  0x00000283c11374b0 JavaThread "Attach Listener"            daemon [_thread_blocked, id=312, stack(0x000000af05f00000,0x000000af06000000) (1024K)]
  0x00000283c1137f10 JavaThread "Service Thread"             daemon [_thread_blocked, id=6028, stack(0x000000af06000000,0x000000af06100000) (1024K)]
  0x00000283c113d6d0 JavaThread "Monitor Deflation Thread"   daemon [_thread_blocked, id=14380, stack(0x000000af06100000,0x000000af06200000) (1024K)]
=>0x00000283c114f1c0 JavaThread "C2 CompilerThread0"         daemon [_thread_in_native, id=10808, stack(0x000000af06200000,0x000000af06300000) (1024K)]
  0x00000283c11540b0 JavaThread "C1 CompilerThread0"         daemon [_thread_blocked, id=6900, stack(0x000000af06300000,0x000000af06400000) (1024K)]
  0x00000283c1256cf0 JavaThread "Common-Cleaner"             daemon [_thread_blocked, id=16412, stack(0x000000af06400000,0x000000af06500000) (1024K)]
  0x00000283c12552b0 JavaThread "Monitor Ctrl-Break"         daemon [_thread_in_native, id=7128, stack(0x000000af06500000,0x000000af06600000) (1024K)]
  0x00000283c1257380 JavaThread "Notification Thread"        daemon [_thread_blocked, id=14304, stack(0x000000af06600000,0x000000af06700000) (1024K)]
  0x00000283c74e8380 JavaThread "Catalina-utility-1"                [_thread_blocked, id=11632, stack(0x000000af06c00000,0x000000af06d00000) (1024K)]
  0x00000283c74eaae0 JavaThread "Catalina-utility-2"                [_thread_blocked, id=6228, stack(0x000000af06d00000,0x000000af06e00000) (1024K)]
  0x00000283c74eb170 JavaThread "container-0"                       [_thread_blocked, id=6768, stack(0x000000af06e00000,0x000000af06f00000) (1024K)]
  0x00000283c74e90a0 JavaThread "mysql-cj-abandoned-connection-cleanup" daemon [_thread_blocked, id=1716, stack(0x000000af06f00000,0x000000af07000000) (1024K)]
  0x00000283c74e41e0 JavaThread "HikariPool-1:housekeeper"   daemon [_thread_blocked, id=9340, stack(0x000000af07100000,0x000000af07200000) (1024K)]
  0x00000283c74e4870 JavaThread "File Watcher"               daemon [_thread_blocked, id=16692, stack(0x000000af07300000,0x000000af07400000) (1024K)]
  0x00000283c74e4f00 JavaThread "http-nio-7777-exec-1"       daemon [_thread_blocked, id=18304, stack(0x000000af07400000,0x000000af07500000) (1024K)]
  0x00000283c984c6f0 JavaThread "http-nio-7777-exec-2"       daemon [_thread_blocked, id=3044, stack(0x000000af07500000,0x000000af07600000) (1024K)]
  0x00000283c984cd80 JavaThread "http-nio-7777-exec-3"       daemon [_thread_blocked, id=11828, stack(0x000000af07600000,0x000000af07700000) (1024K)]
  0x00000283c984d410 JavaThread "http-nio-7777-exec-4"       daemon [_thread_blocked, id=10672, stack(0x000000af07700000,0x000000af07800000) (1024K)]
  0x00000283c9852960 JavaThread "http-nio-7777-exec-5"       daemon [_thread_blocked, id=11740, stack(0x000000af07800000,0x000000af07900000) (1024K)]
  0x00000283c98515b0 JavaThread "http-nio-7777-exec-6"       daemon [_thread_blocked, id=13836, stack(0x000000af07900000,0x000000af07a00000) (1024K)]
  0x00000283c984daa0 JavaThread "http-nio-7777-exec-7"       daemon [_thread_blocked, id=16276, stack(0x000000af07a00000,0x000000af07b00000) (1024K)]
  0x00000283c9851c40 JavaThread "http-nio-7777-exec-8"       daemon [_thread_blocked, id=14956, stack(0x000000af07b00000,0x000000af07c00000) (1024K)]
  0x00000283c98522d0 JavaThread "http-nio-7777-exec-9"       daemon [_thread_blocked, id=2656, stack(0x000000af07c00000,0x000000af07d00000) (1024K)]
  0x00000283c9852ff0 JavaThread "http-nio-7777-exec-10"      daemon [_thread_blocked, id=13384, stack(0x000000af07d00000,0x000000af07e00000) (1024K)]
  0x00000283c984e130 JavaThread "http-nio-7777-Poller"       daemon [_thread_in_native, id=3268, stack(0x000000af07e00000,0x000000af07f00000) (1024K)]
  0x00000283c984e7c0 JavaThread "http-nio-7777-Acceptor"     daemon [_thread_in_native, id=1608, stack(0x000000af07f00000,0x000000af08000000) (1024K)]
  0x00000283c984ee50 JavaThread "DestroyJavaVM"                     [_thread_blocked, id=12800, stack(0x000000af05400000,0x000000af05500000) (1024K)]
Total: 30

Other Threads:
  0x00000283cda9c2a0 VMThread "VM Thread"                           [id=5356, stack(0x000000af05b00000,0x000000af05c00000) (1024K)]
  0x00000283c111d120 WatcherThread "VM Periodic Task Thread"        [id=14616, stack(0x000000af05a00000,0x000000af05b00000) (1024K)]
  0x00000283cda10be0 WorkerThread "GC Thread#0"                     [id=15292, stack(0x000000af05500000,0x000000af05600000) (1024K)]
  0x00000283c6030c60 WorkerThread "GC Thread#1"                     [id=11744, stack(0x000000af06700000,0x000000af06800000) (1024K)]
  0x00000283c6031010 WorkerThread "GC Thread#2"                     [id=13828, stack(0x000000af06800000,0x000000af06900000) (1024K)]
  0x00000283c60308b0 WorkerThread "GC Thread#3"                     [id=16892, stack(0x000000af06900000,0x000000af06a00000) (1024K)]
  0x00000283cda1b5c0 ConcurrentGCThread "G1 Main Marker"            [id=6868, stack(0x000000af05600000,0x000000af05700000) (1024K)]
  0x00000283cda1c870 WorkerThread "G1 Conc#0"                       [id=32, stack(0x000000af05700000,0x000000af05800000) (1024K)]
  0x00000283cda76fa0 ConcurrentGCThread "G1 Refine#0"               [id=9564, stack(0x000000af05800000,0x000000af05900000) (1024K)]
  0x00000283cda77b20 ConcurrentGCThread "G1 Service"                [id=13184, stack(0x000000af05900000,0x000000af05a00000) (1024K)]
Total: 10

Threads with active compile tasks:
C2 CompilerThread0  95932 6903       4       org.springframework.boot.devtools.filewatch.FileSnapshot::hashCode (49 bytes)
Total: 1

VM state: not at safepoint (normal execution)

VM Mutex/Monitor currently owned by a thread: None

Heap address: 0x00000000c3400000, size: 972 MB, Compressed Oops mode: 32-bit

CDS archive(s) mapped at: [0x0000028380000000-0x0000028380d70000-0x0000028380d70000), size 14090240, SharedBaseAddress: 0x0000028380000000, ArchiveRelocationMode: 1.
Compressed class space mapped at: 0x0000028381000000-0x00000283c1000000, reserved size: 1073741824
Narrow klass base: 0x0000028380000000, Narrow klass shift: 0, Narrow klass range: 0x41000000

GC Precious Log:
 CardTable entry size: 512
 Card Set container configuration: InlinePtr #cards 5 size 8 Array Of Cards #cards 10 size 36 Howl #buckets 4 coarsen threshold 1843 Howl Bitmap #cards 512 size 80 coarsen threshold 460 Card regions per heap region 1 cards per card region 2048
 CPUs: 4 total, 4 available
 Memory: 3880M
 Large Page Support: Disabled
 NUMA Support: Disabled
 Compressed Oops: Enabled (32-bit)
 Heap Region Size: 1M
 Heap Min Capacity: 8M
 Heap Initial Capacity: 62M
 Heap Max Capacity: 972M
 Pre-touch: Disabled
 Parallel Workers: 4
 Concurrent Workers: 1
 Concurrent Refinement Workers: 4
 Periodic GC: Disabled

Heap:
 garbage-first heap   total reserved 995328K, committed 50176K, used 41955K [0x00000000c3400000, 0x0000000100000000)
  region size 1024K, 14 young (14336K), 2 survivors (2048K)
 Metaspace       used 70102K, committed 70784K, reserved 1114112K
  class space    used 9788K, committed 10112K, reserved 1048576K

Heap Regions: E=young(eden), S=young(survivor), O=old, HS=humongous(starts), HC=humongous(continues), CS=collection set, F=free, TAMS=top-at-mark-start, PB=parsable bottom
|   0|0x00000000c3400000, 0x00000000c3500000, 0x00000000c3500000|100%|HS|  |TAMS 0x00000000c3400000| PB 0x00000000c3400000| Complete |  0
|   1|0x00000000c3500000, 0x00000000c3600000, 0x00000000c3600000|100%|HS|  |TAMS 0x00000000c3500000| PB 0x00000000c3500000| Complete |  0
|   2|0x00000000c3600000, 0x00000000c3700000, 0x00000000c3700000|100%| O|  |TAMS 0x00000000c3600000| PB 0x00000000c3600000| Untracked |  0
|   3|0x00000000c3700000, 0x00000000c3800000, 0x00000000c3800000|100%| O|  |TAMS 0x00000000c3700000| PB 0x00000000c3700000| Untracked |  0
|   4|0x00000000c3800000, 0x00000000c3900000, 0x00000000c3900000|100%| O|  |TAMS 0x00000000c3800000| PB 0x00000000c3800000| Untracked |  0
|   5|0x00000000c3900000, 0x00000000c3a00000, 0x00000000c3a00000|100%| O|  |TAMS 0x00000000c3900000| PB 0x00000000c3900000| Untracked |  0
|   6|0x00000000c3a00000, 0x00000000c3b00000, 0x00000000c3b00000|100%| O|  |TAMS 0x00000000c3a00000| PB 0x00000000c3a00000| Untracked |  0
|   7|0x00000000c3b00000, 0x00000000c3c00000, 0x00000000c3c00000|100%| O|  |TAMS 0x00000000c3b00000| PB 0x00000000c3b00000| Untracked |  0
|   8|0x00000000c3c00000, 0x00000000c3d00000, 0x00000000c3d00000|100%| O|  |TAMS 0x00000000c3c00000| PB 0x00000000c3c00000| Untracked |  0
|   9|0x00000000c3d00000, 0x00000000c3e00000, 0x00000000c3e00000|100%| O|  |TAMS 0x00000000c3d00000| PB 0x00000000c3d00000| Untracked |  0
|  10|0x00000000c3e00000, 0x00000000c3f00000, 0x00000000c3f00000|100%| O|  |TAMS 0x00000000c3e00000| PB 0x00000000c3e00000| Untracked |  0
|  11|0x00000000c3f00000, 0x00000000c4000000, 0x00000000c4000000|100%| O|  |TAMS 0x00000000c3f00000| PB 0x00000000c3f00000| Untracked |  0
|  12|0x00000000c4000000, 0x00000000c4100000, 0x00000000c4100000|100%| O|  |TAMS 0x00000000c4000000| PB 0x00000000c4000000| Untracked |  0
|  13|0x00000000c4100000, 0x00000000c4200000, 0x00000000c4200000|100%| O|  |TAMS 0x00000000c4100000| PB 0x00000000c4100000| Untracked |  0
|  14|0x00000000c4200000, 0x00000000c4300000, 0x00000000c4300000|100%| O|  |TAMS 0x00000000c4200000| PB 0x00000000c4200000| Untracked |  0
|  15|0x00000000c4300000, 0x00000000c4400000, 0x00000000c4400000|100%| O|  |TAMS 0x00000000c4300000| PB 0x00000000c4300000| Untracked |  0
|  16|0x00000000c4400000, 0x00000000c4500000, 0x00000000c4500000|100%| O|  |TAMS 0x00000000c4400000| PB 0x00000000c4400000| Untracked |  0
|  17|0x00000000c4500000, 0x00000000c4600000, 0x00000000c4600000|100%| O|  |TAMS 0x00000000c4500000| PB 0x00000000c4500000| Untracked |  0
|  18|0x00000000c4600000, 0x00000000c4700000, 0x00000000c4700000|100%| O|  |TAMS 0x00000000c4600000| PB 0x00000000c4600000| Untracked |  0
|  19|0x00000000c4700000, 0x00000000c4800000, 0x00000000c4800000|100%| O|  |TAMS 0x00000000c4700000| PB 0x00000000c4700000| Untracked |  0
|  20|0x00000000c4800000, 0x00000000c4900000, 0x00000000c4900000|100%| O|  |TAMS 0x00000000c4800000| PB 0x00000000c4800000| Untracked |  0
|  21|0x00000000c4900000, 0x00000000c4a00000, 0x00000000c4a00000|100%| O|  |TAMS 0x00000000c4900000| PB 0x00000000c4900000| Untracked |  0
|  22|0x00000000c4a00000, 0x00000000c4b00000, 0x00000000c4b00000|100%| O|  |TAMS 0x00000000c4a00000| PB 0x00000000c4a00000| Untracked |  0
|  23|0x00000000c4b00000, 0x00000000c4c00000, 0x00000000c4c00000|100%| O|Cm|TAMS 0x00000000c4b00000| PB 0x00000000c4b00000| Complete |  0
|  24|0x00000000c4c00000, 0x00000000c4d00000, 0x00000000c4d00000|100%| O|  |TAMS 0x00000000c4c00000| PB 0x00000000c4c00000| Untracked |  0
|  25|0x00000000c4d00000, 0x00000000c4e00000, 0x00000000c4e00000|100%| O|  |TAMS 0x00000000c4d00000| PB 0x00000000c4d00000| Untracked |  0
|  26|0x00000000c4e00000, 0x00000000c4f00000, 0x00000000c4f00000|100%| O|  |TAMS 0x00000000c4e00000| PB 0x00000000c4e00000| Untracked |  0
|  27|0x00000000c4f00000, 0x00000000c5000000, 0x00000000c5000000|100%| O|  |TAMS 0x00000000c4f00000| PB 0x00000000c4f00000| Untracked |  0
|  28|0x00000000c5000000, 0x00000000c507e990, 0x00000000c5100000| 49%| O|  |TAMS 0x00000000c5000000| PB 0x00000000c5000000| Untracked |  0
|  29|0x00000000c5100000, 0x00000000c5100000, 0x00000000c5200000|  0%| F|  |TAMS 0x00000000c5100000| PB 0x00000000c5100000| Untracked |  0
|  30|0x00000000c5200000, 0x00000000c5200000, 0x00000000c5300000|  0%| F|  |TAMS 0x00000000c5200000| PB 0x00000000c5200000| Untracked |  0
|  31|0x00000000c5300000, 0x00000000c5300000, 0x00000000c5400000|  0%| F|  |TAMS 0x00000000c5300000| PB 0x00000000c5300000| Untracked |  0
|  32|0x00000000c5400000, 0x00000000c5400000, 0x00000000c5500000|  0%| F|  |TAMS 0x00000000c5400000| PB 0x00000000c5400000| Untracked |  0
|  33|0x00000000c5500000, 0x00000000c5500000, 0x00000000c5600000|  0%| F|  |TAMS 0x00000000c5500000| PB 0x00000000c5500000| Untracked |  0
|  34|0x00000000c5600000, 0x00000000c567a640, 0x00000000c5700000| 47%| S|CS|TAMS 0x00000000c5600000| PB 0x00000000c5600000| Complete |  0
|  35|0x00000000c5700000, 0x00000000c5800000, 0x00000000c5800000|100%| S|CS|TAMS 0x00000000c5700000| PB 0x00000000c5700000| Complete |  0
|  36|0x00000000c5800000, 0x00000000c5800000, 0x00000000c5900000|  0%| F|  |TAMS 0x00000000c5800000| PB 0x00000000c5800000| Untracked |  0
|  37|0x00000000c5900000, 0x00000000c5953648, 0x00000000c5a00000| 32%| E|  |TAMS 0x00000000c5900000| PB 0x00000000c5900000| Complete |  0
|  38|0x00000000c5a00000, 0x00000000c5b00000, 0x00000000c5b00000|100%| E|CS|TAMS 0x00000000c5a00000| PB 0x00000000c5a00000| Complete |  0
|  39|0x00000000c5b00000, 0x00000000c5c00000, 0x00000000c5c00000|100%| E|CS|TAMS 0x00000000c5b00000| PB 0x00000000c5b00000| Complete |  0
|  40|0x00000000c5c00000, 0x00000000c5d00000, 0x00000000c5d00000|100%| E|CS|TAMS 0x00000000c5c00000| PB 0x00000000c5c00000| Complete |  0
|  41|0x00000000c5d00000, 0x00000000c5e00000, 0x00000000c5e00000|100%| E|CS|TAMS 0x00000000c5d00000| PB 0x00000000c5d00000| Complete |  0
|  42|0x00000000c5e00000, 0x00000000c5f00000, 0x00000000c5f00000|100%| E|CS|TAMS 0x00000000c5e00000| PB 0x00000000c5e00000| Complete |  0
|  43|0x00000000c5f00000, 0x00000000c6000000, 0x00000000c6000000|100%| E|CS|TAMS 0x00000000c5f00000| PB 0x00000000c5f00000| Complete |  0
|  44|0x00000000c6000000, 0x00000000c6100000, 0x00000000c6100000|100%| E|CS|TAMS 0x00000000c6000000| PB 0x00000000c6000000| Complete |  0
|  45|0x00000000c6100000, 0x00000000c6200000, 0x00000000c6200000|100%| E|CS|TAMS 0x00000000c6100000| PB 0x00000000c6100000| Complete |  0
|  46|0x00000000c6200000, 0x00000000c6300000, 0x00000000c6300000|100%| E|CS|TAMS 0x00000000c6200000| PB 0x00000000c6200000| Complete |  0
|  47|0x00000000c6300000, 0x00000000c6400000, 0x00000000c6400000|100%| E|CS|TAMS 0x00000000c6300000| PB 0x00000000c6300000| Complete |  0
|  61|0x00000000c7100000, 0x00000000c7200000, 0x00000000c7200000|100%| E|CS|TAMS 0x00000000c7100000| PB 0x00000000c7100000| Complete |  0

Card table byte_map: [0x00000283e5300000,0x00000283e54f0000] _byte_map_base: 0x00000283e4ce6000

Marking Bits: (CMBitMap*) 0x00000283cda112f0
 Bits: [0x00000283e54f0000, 0x00000283e6420000)

Polling page: 0x00000283cd1a0000

Metaspace:

Usage:
  Non-class:     58.90 MB used.
      Class:      9.56 MB used.
       Both:     68.46 MB used.

Virtual space:
  Non-class space:       64.00 MB reserved,      59.25 MB ( 93%) committed,  1 nodes.
      Class space:        1.00 GB reserved,       9.88 MB ( <1%) committed,  1 nodes.
             Both:        1.06 GB reserved,      69.12 MB (  6%) committed. 

Chunk freelists:
   Non-Class:  3.95 MB
       Class:  6.04 MB
        Both:  10.00 MB

MaxMetaspaceSize: unlimited
CompressedClassSpaceSize: 1.00 GB
Initial GC threshold: 21.00 MB
Current GC threshold: 110.25 MB
CDS: on
 - commit_granule_bytes: 65536.
 - commit_granule_words: 8192.
 - virtual_space_node_default_size: 8388608.
 - enlarge_chunks_in_place: 1.
 - use_allocation_guard: 0.


Internal statistics:

num_allocs_failed_limit: 9.
num_arena_births: 926.
num_arena_deaths: 0.
num_vsnodes_births: 2.
num_vsnodes_deaths: 0.
num_space_committed: 1106.
num_space_uncommitted: 0.
num_chunks_returned_to_freelist: 9.
num_chunks_taken_from_freelist: 3339.
num_chunk_merges: 9.
num_chunk_splits: 2390.
num_chunks_enlarged: 1844.
num_inconsistent_stats: 0.

CodeHeap 'non-profiled nmethods': size=120064Kb used=2635Kb max_used=2635Kb free=117429Kb
 bounds [0x00000283ddbd0000, 0x00000283dde70000, 0x00000283e5110000]
CodeHeap 'profiled nmethods': size=120000Kb used=8877Kb max_used=8996Kb free=111122Kb
 bounds [0x00000283d6110000, 0x00000283d69e0000, 0x00000283dd640000]
CodeHeap 'non-nmethods': size=5696Kb used=1724Kb max_used=1815Kb free=3971Kb
 bounds [0x00000283dd640000, 0x00000283dd8b0000, 0x00000283ddbd0000]
CodeCache: size=245760Kb, used=13236Kb, max_used=13446Kb, free=232522Kb
 total_blobs=6812, nmethods=6050, adapters=666, full_count=0
Compilation: enabled, stopped_count=0, restarted_count=0

Compilation events (20 events):
Event: 89.289 Thread 0x00000283c11540b0 nmethod 6893 0x00000283d685af88 code [0x00000283d685b0c0, 0x00000283d685b258]
Event: 91.293 Thread 0x00000283c11540b0 6894       3       java.util.concurrent.ThreadPoolExecutor::workerCountOf (5 bytes)
Event: 91.293 Thread 0x00000283c11540b0 nmethod 6894 0x00000283d685ac88 code [0x00000283d685ada0, 0x00000283d685ae98]
Event: 92.349 Thread 0x00000283c11540b0 6895       3       java.util.concurrent.locks.ReentrantReadWriteLock$ReadLock::lock (9 bytes)
Event: 92.353 Thread 0x00000283c11540b0 nmethod 6895 0x00000283d685a808 code [0x00000283d685a920, 0x00000283d685aa68]
Event: 92.353 Thread 0x00000283c11540b0 6897       3       java.util.concurrent.locks.ReentrantReadWriteLock$Sync::tryAcquireShared (177 bytes)
Event: 92.380 Thread 0x00000283c11540b0 nmethod 6897 0x00000283d61c6788 code [0x00000283d61c69a0, 0x00000283d61c77e8]
Event: 92.380 Thread 0x00000283c11540b0 6896       3       java.util.concurrent.locks.AbstractQueuedSynchronizer::acquireShared (20 bytes)
Event: 92.381 Thread 0x00000283c11540b0 nmethod 6896 0x00000283d61c6388 code [0x00000283d61c64c0, 0x00000283d61c6730]
Event: 92.381 Thread 0x00000283c11540b0 6898       1       org.apache.catalina.LifecycleEvent::getType (5 bytes)
Event: 92.381 Thread 0x00000283c11540b0 nmethod 6898 0x00000283dde62308 code [0x00000283dde62420, 0x00000283dde624e8]
Event: 94.293 Thread 0x00000283c114f1c0 6899       4       jdk.internal.misc.Unsafe::weakCompareAndSetInt (11 bytes)
Event: 94.293 Thread 0x00000283c11540b0 6900   !   3       java.util.concurrent.locks.LockSupport::parkNanos (56 bytes)
Event: 94.295 Thread 0x00000283c11540b0 nmethod 6900 0x00000283d61c5d88 code [0x00000283d61c5f00, 0x00000283d61c6310]
Event: 94.295 Thread 0x00000283c11540b0 6901       3       java.util.concurrent.locks.LockSupport::unpark (26 bytes)
Event: 94.295 Thread 0x00000283c11540b0 nmethod 6901 0x00000283d61c5888 code [0x00000283d61c59e0, 0x00000283d61c5d00]
Event: 94.296 Thread 0x00000283c114f1c0 nmethod 6899 0x00000283dde62608 code [0x00000283dde62700, 0x00000283dde62788]
Event: 95.288 Thread 0x00000283c11540b0 6902       1       java.util.concurrent.ThreadPoolExecutor::getQueue (5 bytes)
Event: 95.293 Thread 0x00000283c11540b0 nmethod 6902 0x00000283dde62908 code [0x00000283dde62a20, 0x00000283dde62ae8]
Event: 95.403 Thread 0x00000283c114f1c0 6903       4       org.springframework.boot.devtools.filewatch.FileSnapshot::hashCode (49 bytes)

GC Heap History (20 events):
Event: 12.328 GC heap before
{Heap before GC invocations=8 (full 0):
 garbage-first heap   total reserved 995328K, committed 48128K, used 36110K [0x00000000c3400000, 0x0000000100000000)
  region size 1024K, 21 young (21504K), 3 survivors (3072K)
 Metaspace       used 34186K, committed 34752K, reserved 1114112K
  class space    used 4419K, committed 4672K, reserved 1048576K
}
Event: 12.333 GC heap after
{Heap after GC invocations=9 (full 0):
 garbage-first heap   total reserved 995328K, committed 48128K, used 20218K [0x00000000c3400000, 0x0000000100000000)
  region size 1024K, 2 young (2048K), 2 survivors (2048K)
 Metaspace       used 34186K, committed 34752K, reserved 1114112K
  class space    used 4419K, committed 4672K, reserved 1048576K
}
Event: 12.532 GC heap before
{Heap before GC invocations=9 (full 0):
 garbage-first heap   total reserved 995328K, committed 48128K, used 23290K [0x00000000c3400000, 0x0000000100000000)
  region size 1024K, 6 young (6144K), 2 survivors (2048K)
 Metaspace       used 35422K, committed 35968K, reserved 1114112K
  class space    used 4593K, committed 4864K, reserved 1048576K
}
Event: 12.535 GC heap after
{Heap after GC invocations=10 (full 0):
 garbage-first heap   total reserved 995328K, committed 48128K, used 20234K [0x00000000c3400000, 0x0000000100000000)
  region size 1024K, 2 young (2048K), 2 survivors (2048K)
 Metaspace       used 35422K, committed 35968K, reserved 1114112K
  class space    used 4593K, committed 4864K, reserved 1048576K
}
Event: 13.394 GC heap before
{Heap before GC invocations=11 (full 0):
 garbage-first heap   total reserved 995328K, committed 48128K, used 39690K [0x00000000c3400000, 0x0000000100000000)
  region size 1024K, 21 young (21504K), 2 survivors (2048K)
 Metaspace       used 39547K, committed 40128K, reserved 1114112K
  class space    used 5453K, committed 5696K, reserved 1048576K
}
Event: 13.399 GC heap after
{Heap after GC invocations=12 (full 0):
 garbage-first heap   total reserved 995328K, committed 48128K, used 21721K [0x00000000c3400000, 0x0000000100000000)
  region size 1024K, 3 young (3072K), 3 survivors (3072K)
 Metaspace       used 39547K, committed 40128K, reserved 1114112K
  class space    used 5453K, committed 5696K, reserved 1048576K
}
Event: 14.883 GC heap before
{Heap before GC invocations=12 (full 0):
 garbage-first heap   total reserved 995328K, committed 48128K, used 40153K [0x00000000c3400000, 0x0000000100000000)
  region size 1024K, 21 young (21504K), 3 survivors (3072K)
 Metaspace       used 48522K, committed 49152K, reserved 1114112K
  class space    used 6577K, committed 6848K, reserved 1048576K
}
Event: 14.891 GC heap after
{Heap after GC invocations=13 (full 0):
 garbage-first heap   total reserved 995328K, committed 48128K, used 23867K [0x00000000c3400000, 0x0000000100000000)
  region size 1024K, 3 young (3072K), 3 survivors (3072K)
 Metaspace       used 48522K, committed 49152K, reserved 1114112K
  class space    used 6577K, committed 6848K, reserved 1048576K
}
Event: 16.017 GC heap before
{Heap before GC invocations=13 (full 0):
 garbage-first heap   total reserved 995328K, committed 48128K, used 40251K [0x00000000c3400000, 0x0000000100000000)
  region size 1024K, 20 young (20480K), 3 survivors (3072K)
 Metaspace       used 52642K, committed 53248K, reserved 1114112K
  class space    used 7078K, committed 7360K, reserved 1048576K
}
Event: 16.027 GC heap after
{Heap after GC invocations=14 (full 0):
 garbage-first heap   total reserved 995328K, committed 48128K, used 25710K [0x00000000c3400000, 0x0000000100000000)
  region size 1024K, 2 young (2048K), 2 survivors (2048K)
 Metaspace       used 52642K, committed 53248K, reserved 1114112K
  class space    used 7078K, committed 7360K, reserved 1048576K
}
Event: 16.579 GC heap before
{Heap before GC invocations=14 (full 0):
 garbage-first heap   total reserved 995328K, committed 48128K, used 41070K [0x00000000c3400000, 0x0000000100000000)
  region size 1024K, 18 young (18432K), 2 survivors (2048K)
 Metaspace       used 57994K, committed 58560K, reserved 1114112K
  class space    used 7882K, committed 8128K, reserved 1048576K
}
Event: 16.583 GC heap after
{Heap after GC invocations=15 (full 0):
 garbage-first heap   total reserved 995328K, committed 48128K, used 26169K [0x00000000c3400000, 0x0000000100000000)
  region size 1024K, 2 young (2048K), 2 survivors (2048K)
 Metaspace       used 57994K, committed 58560K, reserved 1114112K
  class space    used 7882K, committed 8128K, reserved 1048576K
}
Event: 17.104 GC heap before
{Heap before GC invocations=16 (full 0):
 garbage-first heap   total reserved 995328K, committed 48128K, used 42553K [0x00000000c3400000, 0x0000000100000000)
  region size 1024K, 18 young (18432K), 2 survivors (2048K)
 Metaspace       used 61043K, committed 61696K, reserved 1114112K
  class space    used 8420K, committed 8704K, reserved 1048576K
}
Event: 17.108 GC heap after
{Heap after GC invocations=17 (full 0):
 garbage-first heap   total reserved 995328K, committed 48128K, used 26850K [0x00000000c3400000, 0x0000000100000000)
  region size 1024K, 2 young (2048K), 2 survivors (2048K)
 Metaspace       used 61043K, committed 61696K, reserved 1114112K
  class space    used 8420K, committed 8704K, reserved 1048576K
}
Event: 17.847 GC heap before
{Heap before GC invocations=17 (full 0):
 garbage-first heap   total reserved 995328K, committed 48128K, used 41186K [0x00000000c3400000, 0x0000000100000000)
  region size 1024K, 17 young (17408K), 2 survivors (2048K)
 Metaspace       used 65264K, committed 65920K, reserved 1114112K
  class space    used 9074K, committed 9344K, reserved 1048576K
}
Event: 17.853 GC heap after
{Heap after GC invocations=18 (full 0):
 garbage-first heap   total reserved 995328K, committed 48128K, used 28026K [0x00000000c3400000, 0x0000000100000000)
  region size 1024K, 3 young (3072K), 3 survivors (3072K)
 Metaspace       used 65264K, committed 65920K, reserved 1114112K
  class space    used 9074K, committed 9344K, reserved 1048576K
}
Event: 18.553 GC heap before
{Heap before GC invocations=18 (full 0):
 garbage-first heap   total reserved 995328K, committed 48128K, used 41338K [0x00000000c3400000, 0x0000000100000000)
  region size 1024K, 16 young (16384K), 3 survivors (3072K)
 Metaspace       used 66968K, committed 67584K, reserved 1114112K
  class space    used 9326K, committed 9600K, reserved 1048576K
}
Event: 18.559 GC heap after
{Heap after GC invocations=19 (full 0):
 garbage-first heap   total reserved 995328K, committed 48128K, used 29206K [0x00000000c3400000, 0x0000000100000000)
  region size 1024K, 2 young (2048K), 2 survivors (2048K)
 Metaspace       used 66968K, committed 67584K, reserved 1114112K
  class space    used 9326K, committed 9600K, reserved 1048576K
}
Event: 19.024 GC heap before
{Heap before GC invocations=20 (full 0):
 garbage-first heap   total reserved 995328K, committed 50176K, used 42518K [0x00000000c3400000, 0x0000000100000000)
  region size 1024K, 15 young (15360K), 2 survivors (2048K)
 Metaspace       used 68631K, committed 69312K, reserved 1114112K
  class space    used 9582K, committed 9856K, reserved 1048576K
}
Event: 19.029 GC heap after
{Heap after GC invocations=21 (full 0):
 garbage-first heap   total reserved 995328K, committed 50176K, used 30691K [0x00000000c3400000, 0x0000000100000000)
  region size 1024K, 2 young (2048K), 2 survivors (2048K)
 Metaspace       used 68631K, committed 69312K, reserved 1114112K
  class space    used 9582K, committed 9856K, reserved 1048576K
}

Dll operation events (13 events):
Event: 0.045 Loaded shared library C:\Users\PC\.jdks\openjdk-23.0.1\bin\java.dll
Event: 0.094 Loaded shared library C:\Users\PC\.jdks\openjdk-23.0.1\bin\jsvml.dll
Event: 0.308 Loaded shared library C:\Users\PC\.jdks\openjdk-23.0.1\bin\zip.dll
Event: 0.317 Loaded shared library C:\Users\PC\.jdks\openjdk-23.0.1\bin\instrument.dll
Event: 0.329 Loaded shared library C:\Users\PC\.jdks\openjdk-23.0.1\bin\net.dll
Event: 0.333 Loaded shared library C:\Users\PC\.jdks\openjdk-23.0.1\bin\nio.dll
Event: 0.339 Loaded shared library C:\Users\PC\.jdks\openjdk-23.0.1\bin\zip.dll
Event: 0.742 Loaded shared library C:\Program Files\JetBrains\IntelliJ IDEA Community Edition 2024.3.1.1\bin\breakgen64.dll
Event: 0.771 Loaded shared library C:\Users\PC\.jdks\openjdk-23.0.1\bin\extnet.dll
Event: 0.836 Loaded shared library C:\Users\PC\.jdks\openjdk-23.0.1\bin\jimage.dll
Event: 2.210 Loaded shared library C:\Users\PC\.jdks\openjdk-23.0.1\bin\management.dll
Event: 2.222 Loaded shared library C:\Users\PC\.jdks\openjdk-23.0.1\bin\management_ext.dll
Event: 6.511 Loaded shared library C:\Users\PC\.jdks\openjdk-23.0.1\bin\sunmscapi.dll

Deoptimization events (20 events):
Event: 19.165 Thread 0x00000283c1255fd0 Uncommon trap: trap_request=0xffffff45 fr.pc=0x00000283ddc3ca68 relative=0x0000000000000608
Event: 19.165 Thread 0x00000283c1255fd0 Uncommon trap: reason=unstable_if action=reinterpret pc=0x00000283ddc3ca68 method=sun.reflect.annotation.AnnotationInvocationHandler.invoke(Ljava/lang/Object;Ljava/lang/reflect/Method;[Ljava/lang/Object;)Ljava/lang/Object; @ 15 c2
Event: 19.165 Thread 0x00000283c1255fd0 DEOPT PACKING pc=0x00000283ddc3ca68 sp=0x000000af06bfd6b0
Event: 19.165 Thread 0x00000283c1255fd0 DEOPT UNPACKING pc=0x00000283dd694402 sp=0x000000af06bfd648 mode 2
Event: 19.165 Thread 0x00000283c1255fd0 Uncommon trap: trap_request=0xffffff45 fr.pc=0x00000283dde179cc relative=0x00000000000024ac
Event: 19.165 Thread 0x00000283c1255fd0 Uncommon trap: reason=unstable_if action=reinterpret pc=0x00000283dde179cc method=org.springframework.core.annotation.AnnotationsScanner.processMethodAnnotations(Ljava/lang/Object;ILjava/lang/reflect/Method;Lorg/springframework/core/annotation/Annotations
Event: 19.165 Thread 0x00000283c1255fd0 DEOPT PACKING pc=0x00000283dde179cc sp=0x000000af06bfd9a0
Event: 19.166 Thread 0x00000283c1255fd0 DEOPT UNPACKING pc=0x00000283dd694402 sp=0x000000af06bfd698 mode 2
Event: 19.239 Thread 0x00000283c1255fd0 Uncommon trap: trap_request=0xffffff45 fr.pc=0x00000283ddc424dc relative=0x000000000000005c
Event: 19.239 Thread 0x00000283c1255fd0 Uncommon trap: reason=unstable_if action=reinterpret pc=0x00000283ddc424dc method=org.springframework.util.ConcurrentReferenceHashMap$Segment.clear()V @ 7 c2
Event: 19.239 Thread 0x00000283c1255fd0 DEOPT PACKING pc=0x00000283ddc424dc sp=0x000000af06bfea10
Event: 19.239 Thread 0x00000283c1255fd0 DEOPT UNPACKING pc=0x00000283dd694402 sp=0x000000af06bfe9a0 mode 2
Event: 19.242 Thread 0x00000283c1255fd0 Uncommon trap: trap_request=0xffffff54 fr.pc=0x00000283ddcfd01c relative=0x00000000000001bc
Event: 19.242 Thread 0x00000283c1255fd0 Uncommon trap: reason=speculate_null_assert action=make_not_entrant pc=0x00000283ddcfd01c method=org.springframework.util.ConcurrentReferenceHashMap$Segment.restructureIfNecessary(Z)V @ 41 c2
Event: 19.242 Thread 0x00000283c1255fd0 DEOPT PACKING pc=0x00000283ddcfd01c sp=0x000000af06bfe6a0
Event: 19.242 Thread 0x00000283c1255fd0 DEOPT UNPACKING pc=0x00000283dd694402 sp=0x000000af06bfe628 mode 2
Event: 19.286 Thread 0x00000283c1255fd0 Uncommon trap: trap_request=0xffffff45 fr.pc=0x00000283ddd90930 relative=0x0000000000000110
Event: 19.286 Thread 0x00000283c1255fd0 Uncommon trap: reason=unstable_if action=reinterpret pc=0x00000283ddd90930 method=java.util.ArrayList.indexOfRange(Ljava/lang/Object;II)I @ 7 c2
Event: 19.286 Thread 0x00000283c1255fd0 DEOPT PACKING pc=0x00000283ddd90930 sp=0x000000af06bfe790
Event: 19.286 Thread 0x00000283c1255fd0 DEOPT UNPACKING pc=0x00000283dd694402 sp=0x000000af06bfe710 mode 2

Classes loaded (20 events):
Event: 19.302 Loading class java/beans/WeakIdentityMap done
Event: 19.302 Loading class java/beans/ThreadGroupContext$1 done
Event: 19.302 Loading class java/beans/WeakIdentityMap$Entry
Event: 19.302 Loading class java/beans/WeakIdentityMap$Entry done
Event: 19.302 Loading class com/sun/beans/introspect/ClassInfo
Event: 19.303 Loading class com/sun/beans/introspect/ClassInfo done
Event: 19.303 Loading class com/sun/beans/introspect/ClassInfo$1
Event: 19.303 Loading class com/sun/beans/util/Cache
Event: 19.303 Loading class com/sun/beans/util/Cache done
Event: 19.303 Loading class com/sun/beans/introspect/ClassInfo$1 done
Event: 19.303 Loading class com/sun/beans/util/Cache$Kind
Event: 19.304 Loading class com/sun/beans/util/Cache$Kind done
Event: 19.304 Loading class com/sun/beans/util/Cache$Kind$1
Event: 19.304 Loading class com/sun/beans/util/Cache$Kind$1 done
Event: 19.304 Loading class com/sun/beans/util/Cache$Kind$2
Event: 19.304 Loading class com/sun/beans/util/Cache$Kind$2 done
Event: 19.304 Loading class com/sun/beans/util/Cache$Kind$3
Event: 19.304 Loading class com/sun/beans/util/Cache$Kind$3 done
Event: 19.304 Loading class com/sun/beans/util/Cache$CacheEntry
Event: 19.304 Loading class com/sun/beans/util/Cache$CacheEntry done

Classes unloaded (0 events):
No events

Classes redefined (0 events):
No events

Internal exceptions (20 events):
Event: 17.279 Thread 0x00000283c1255fd0 Exception <a 'java/lang/NoSuchMethodError'{0x00000000c5eb1760}: 'int java.lang.invoke.DirectMethodHandle$Holder.invokeStatic(java.lang.Object, java.lang.Object, int, java.lang.Object)'> (0x00000000c5eb1760) 
thrown [s\open\src\hotspot\share\interpreter\linkResolver.cpp, line 796]
Event: 17.279 Thread 0x00000283c1255fd0 Exception <a 'java/lang/NoSuchMethodError'{0x00000000c5eb7710}: 'int java.lang.invoke.DirectMethodHandle$Holder.invokeStatic(java.lang.Object, int, java.lang.Object)'> (0x00000000c5eb7710) 
thrown [s\open\src\hotspot\share\interpreter\linkResolver.cpp, line 796]
Event: 17.287 Thread 0x00000283c1255fd0 Exception <a 'java/lang/NoSuchMethodError'{0x00000000c5d039c8}: 'java.lang.Object java.lang.invoke.Invokers$Holder.linkToTargetMethod(java.lang.Object, java.lang.Object, java.lang.Object, java.lang.Object, java.lang.Object, java.lang.Object, java.lang.Object, java.lang.Object, java.lang.Object, java.lang.Object, java.lang.Object, java.lang.Object)'> (0x00000000c5d039c8) 
thrown [s\open\src\hotspot\share\interpreter\linkResolver.cpp, line 796]
Event: 17.331 Thread 0x00000283c1255fd0 Exception <a 'java/lang/IncompatibleClassChangeError'{0x00000000c5c4cfd8}: Found class java.lang.Object, but interface was expected> (0x00000000c5c4cfd8) 
thrown [s\open\src\hotspot\share\interpreter\linkResolver.cpp, line 863]
Event: 17.350 Thread 0x00000283c1255fd0 Exception <a 'java/lang/NoSuchMethodError'{0x00000000c5ce0a38}: 'java.lang.Object java.lang.invoke.DirectMethodHandle$Holder.newInvokeSpecial(java.lang.Object, java.lang.Object, int, java.lang.Object, int, java.lang.Object, java.lang.Object)'> (0x00000000c5ce0a38) 
thrown [s\open\src\hotspot\share\interpreter\linkResolver.cpp, line 796]
Event: 17.802 Thread 0x00000283c1255fd0 Implicit null exception at 0x00000283dddf4cf2 to 0x00000283dddf5020
Event: 17.802 Thread 0x00000283c1255fd0 Implicit null exception at 0x00000283dddde8f2 to 0x00000283ddddec20
Event: 17.918 Thread 0x00000283c1255fd0 Implicit null exception at 0x00000283ddd96e00 to 0x00000283ddd97074
Event: 17.962 Thread 0x00000283c1255fd0 Implicit null exception at 0x00000283ddd0be72 to 0x00000283ddd0dcf0
Event: 17.971 Thread 0x00000283c1255fd0 Exception <a 'java/lang/IncompatibleClassChangeError'{0x00000000c5f4f0c0}: Found class java.lang.Object, but interface was expected> (0x00000000c5f4f0c0) 
thrown [s\open\src\hotspot\share\interpreter\linkResolver.cpp, line 863]
Event: 18.079 Thread 0x00000283c1255fd0 Exception <a 'java/lang/IncompatibleClassChangeError'{0x00000000c5edd0e0}: Found class java.lang.Object, but interface was expected> (0x00000000c5edd0e0) 
thrown [s\open\src\hotspot\share\interpreter\linkResolver.cpp, line 863]
Event: 18.505 Thread 0x00000283c1255fd0 Exception <a 'java/lang/NoSuchMethodError'{0x00000000c578c550}: 'void java.lang.invoke.Invokers$Holder.invokeExact_MT(java.lang.Object, java.lang.Object, java.lang.Object, java.lang.Object)'> (0x00000000c578c550) 
thrown [s\open\src\hotspot\share\interpreter\linkResolver.cpp, line 796]
Event: 18.650 Thread 0x00000283c1255fd0 Exception <a 'java/lang/NoSuchMethodError'{0x00000000c6392100}: 'java.lang.Object java.lang.invoke.DirectMethodHandle$Holder.newInvokeSpecial(java.lang.Object, java.lang.Object, java.lang.Object, java.lang.Object, java.lang.Object, java.lang.Object, java.lang.Object, java.lang.Object, java.lang.Object, java.lang.Object, java.lang.Object)'> (0x00000000c6392100) 
thrown [s\open\src\hotspot\share\interpreter\linkResolver.cpp, line 796]
Event: 18.786 Thread 0x00000283c1255fd0 Exception <a 'java/lang/NoSuchMethodError'{0x00000000c5e8a1f8}: 'java.lang.Object java.lang.invoke.DirectMethodHandle$Holder.invokeVirtual(java.lang.Object, java.lang.Object, java.lang.Object, int)'> (0x00000000c5e8a1f8) 
thrown [s\open\src\hotspot\share\interpreter\linkResolver.cpp, line 796]
Event: 18.826 Thread 0x00000283c1255fd0 Exception <a 'java/lang/NoSuchMethodError'{0x00000000c5c49f28}: 'java.lang.Object java.lang.invoke.DirectMethodHandle$Holder.invokeVirtual(java.lang.Object, java.lang.Object, int)'> (0x00000000c5c49f28) 
thrown [s\open\src\hotspot\share\interpreter\linkResolver.cpp, line 796]
Event: 18.966 Thread 0x00000283c1255fd0 Exception <a 'java/lang/IncompatibleClassChangeError'{0x00000000c5950678}: Found class java.lang.Object, but interface was expected> (0x00000000c5950678) 
thrown [s\open\src\hotspot\share\interpreter\linkResolver.cpp, line 863]
Event: 19.072 Thread 0x00000283c1255fd0 Exception <a 'java/lang/NoSuchMethodError'{0x00000000c63796f0}: 'int java.lang.invoke.DirectMethodHandle$Holder.invokeStaticInit(java.lang.Object, java.lang.Object, java.lang.Object, java.lang.Object)'> (0x00000000c63796f0) 
thrown [s\open\src\hotspot\share\interpreter\linkResolver.cpp, line 796]
Event: 19.145 Thread 0x00000283c1255fd0 Exception <a 'java/lang/IncompatibleClassChangeError'{0x00000000c617d9e0}: Found class java.lang.Object, but interface was expected> (0x00000000c617d9e0) 
thrown [s\open\src\hotspot\share\interpreter\linkResolver.cpp, line 863]
Event: 19.153 Thread 0x00000283c1255fd0 Implicit null exception at 0x00000283ddcf55a4 to 0x00000283ddcf5624
Event: 19.243 Thread 0x00000283c1255fd0 Exception <a 'java/lang/NoSuchMethodError'{0x00000000c5e43728}: 'java.lang.Object java.lang.invoke.DirectMethodHandle$Holder.newInvokeSpecial(java.lang.Object, java.lang.Object, int, java.lang.Object, java.lang.Object)'> (0x00000000c5e43728) 
thrown [s\open\src\hotspot\share\interpreter\linkResolver.cpp, line 796]

VM Operations (20 events):
Event: 18.622 Executing VM operation: G1PauseRemark
Event: 18.626 Executing VM operation: G1PauseRemark done
Event: 18.648 Executing VM operation: G1PauseCleanup
Event: 18.648 Executing VM operation: G1PauseCleanup done
Event: 18.900 Executing VM operation: HandshakeAllThreads (Deoptimize)
Event: 18.900 Executing VM operation: HandshakeAllThreads (Deoptimize) done
Event: 18.904 Executing VM operation: HandshakeAllThreads (Deoptimize)
Event: 18.904 Executing VM operation: HandshakeAllThreads (Deoptimize) done
Event: 18.905 Executing VM operation: HandshakeAllThreads (Deoptimize)
Event: 18.905 Executing VM operation: HandshakeAllThreads (Deoptimize) done
Event: 18.978 Executing VM operation: HandshakeAllThreads (Deoptimize)
Event: 18.978 Executing VM operation: HandshakeAllThreads (Deoptimize) done
Event: 19.024 Executing VM operation: G1CollectForAllocation (G1 Evacuation Pause)
Event: 19.029 Executing VM operation: G1CollectForAllocation (G1 Evacuation Pause) done
Event: 19.041 Executing VM operation: HandshakeAllThreads (Deoptimize)
Event: 19.041 Executing VM operation: HandshakeAllThreads (Deoptimize) done
Event: 60.275 Executing VM operation: HandshakeAllThreads (HandshakeForDeflation)
Event: 60.280 Executing VM operation: HandshakeAllThreads (HandshakeForDeflation) done
Event: 60.280 Executing VM operation: RendezvousGCThreads
Event: 60.280 Executing VM operation: RendezvousGCThreads done

Memory protections (0 events):
No events

Nmethod flushes (20 events):
Event: 18.625 Thread 0x00000283cda9c2a0 flushing  nmethod 0x00000283d6855988
Event: 18.625 Thread 0x00000283cda9c2a0 flushing  nmethod 0x00000283d6855c88
Event: 18.625 Thread 0x00000283cda9c2a0 flushing  nmethod 0x00000283d6855f88
Event: 18.625 Thread 0x00000283cda9c2a0 flushing  nmethod 0x00000283d6856608
Event: 18.625 Thread 0x00000283cda9c2a0 flushing  nmethod 0x00000283d6856908
Event: 18.625 Thread 0x00000283cda9c2a0 flushing  nmethod 0x00000283d6856f08
Event: 18.625 Thread 0x00000283cda9c2a0 flushing  nmethod 0x00000283d6857288
Event: 18.625 Thread 0x00000283cda9c2a0 flushing  nmethod 0x00000283d6857c88
Event: 18.625 Thread 0x00000283cda9c2a0 flushing  nmethod 0x00000283d685a808
Event: 18.625 Thread 0x00000283cda9c2a0 flushing  nmethod 0x00000283d687b488
Event: 18.625 Thread 0x00000283cda9c2a0 flushing  nmethod 0x00000283d687b808
Event: 18.625 Thread 0x00000283cda9c2a0 flushing  nmethod 0x00000283d687e608
Event: 18.625 Thread 0x00000283cda9c2a0 flushing  nmethod 0x00000283d687e988
Event: 18.625 Thread 0x00000283cda9c2a0 flushing  nmethod 0x00000283d687ec88
Event: 18.625 Thread 0x00000283cda9c2a0 flushing  nmethod 0x00000283d6880f08
Event: 18.625 Thread 0x00000283cda9c2a0 flushing  nmethod 0x00000283d6883d08
Event: 18.625 Thread 0x00000283cda9c2a0 flushing  nmethod 0x00000283d6884008
Event: 18.625 Thread 0x00000283cda9c2a0 flushing  nmethod 0x00000283d6884388
Event: 18.625 Thread 0x00000283cda9c2a0 flushing  nmethod 0x00000283d6884b08
Event: 18.625 Thread 0x00000283cda9c2a0 flushing  nmethod 0x00000283d6885908

Events (20 events):
Event: 14.800 Thread 0x00000283c1255fd0 Thread added: 0x00000283c74e41e0
Event: 14.911 Thread 0x00000283c74e41e0 Thread added: 0x00000283c74e7660
Event: 19.193 Thread 0x00000283c1255fd0 Thread added: 0x00000283c74e4870
Event: 19.257 Thread 0x00000283c1255fd0 Thread added: 0x00000283c74e4f00
Event: 19.257 Thread 0x00000283c1255fd0 Thread added: 0x00000283c984c6f0
Event: 19.257 Thread 0x00000283c1255fd0 Thread added: 0x00000283c984cd80
Event: 19.257 Thread 0x00000283c1255fd0 Thread added: 0x00000283c984d410
Event: 19.257 Thread 0x00000283c1255fd0 Thread added: 0x00000283c9852960
Event: 19.257 Thread 0x00000283c1255fd0 Thread added: 0x00000283c98515b0
Event: 19.257 Thread 0x00000283c1255fd0 Thread added: 0x00000283c984daa0
Event: 19.258 Thread 0x00000283c1255fd0 Thread added: 0x00000283c9851c40
Event: 19.258 Thread 0x00000283c1255fd0 Thread added: 0x00000283c98522d0
Event: 19.258 Thread 0x00000283c1255fd0 Thread added: 0x00000283c9852ff0
Event: 19.278 Thread 0x00000283c1255fd0 Thread added: 0x00000283c984e130
Event: 19.280 Thread 0x00000283c1255fd0 Thread added: 0x00000283c984e7c0
Event: 19.301 Thread 0x00000283c1255fd0 Thread exited: 0x00000283c1255fd0
Event: 19.305 Thread 0x00000283c1255940 Thread exited: 0x00000283c1255940
Event: 19.305 Thread 0x00000283cd9d8180 Thread exited: 0x00000283cd9d8180
Event: 19.305 Thread 0x00000283c984ee50 Thread added: 0x00000283c984ee50
Event: 20.955 Thread 0x00000283c74e7660 Thread exited: 0x00000283c74e7660


Dynamic libraries:
0x00007ff6b2dc0000 - 0x00007ff6b2dce000 	C:\Users\PC\.jdks\openjdk-23.0.1\bin\java.exe
0x00007ffd1b650000 - 0x00007ffd1b848000 	C:\Windows\SYSTEM32\ntdll.dll
0x00007ffd1b4e0000 - 0x00007ffd1b5a2000 	C:\Windows\System32\KERNEL32.DLL
0x00007ffd18ce0000 - 0x00007ffd18fd6000 	C:\Windows\System32\KERNELBASE.dll
0x00007ffd19410000 - 0x00007ffd19510000 	C:\Windows\System32\ucrtbase.dll
0x00007ffd12be0000 - 0x00007ffd12bfb000 	C:\Users\PC\.jdks\openjdk-23.0.1\bin\VCRUNTIME140.dll
0x00007ffd12bc0000 - 0x00007ffd12bd7000 	C:\Users\PC\.jdks\openjdk-23.0.1\bin\jli.dll
0x00007ffd19f10000 - 0x00007ffd1a0b1000 	C:\Windows\System32\USER32.dll
0x00007ffd19640000 - 0x00007ffd19662000 	C:\Windows\System32\win32u.dll
0x00007ffd045f0000 - 0x00007ffd0488b000 	C:\Windows\WinSxS\amd64_microsoft.windows.common-controls_6595b64144ccf1df_6.0.19041.6456_none_60b8a6cb71f64256\COMCTL32.dll
0x00007ffd19730000 - 0x00007ffd1975b000 	C:\Windows\System32\GDI32.dll
0x00007ffd1a0c0000 - 0x00007ffd1a15e000 	C:\Windows\System32\msvcrt.dll
0x00007ffd192f0000 - 0x00007ffd19409000 	C:\Windows\System32\gdi32full.dll
0x00007ffd19250000 - 0x00007ffd192ed000 	C:\Windows\System32\msvcp_win.dll
0x00007ffd1ad50000 - 0x00007ffd1ad7f000 	C:\Windows\System32\IMM32.DLL
0x00007ffd14b80000 - 0x00007ffd14b8c000 	C:\Users\PC\.jdks\openjdk-23.0.1\bin\vcruntime140_1.dll
0x00007ffd030b0000 - 0x00007ffd0313e000 	C:\Users\PC\.jdks\openjdk-23.0.1\bin\msvcp140.dll
0x00007ffc87520000 - 0x00007ffc8826f000 	C:\Users\PC\.jdks\openjdk-23.0.1\bin\server\jvm.dll
0x00007ffd19670000 - 0x00007ffd19721000 	C:\Windows\System32\ADVAPI32.dll
0x00007ffd19870000 - 0x00007ffd1990f000 	C:\Windows\System32\sechost.dll
0x00007ffd19c50000 - 0x00007ffd19d70000 	C:\Windows\System32\RPCRT4.dll
0x00007ffd195c0000 - 0x00007ffd195e7000 	C:\Windows\System32\bcrypt.dll
0x00007ffd18220000 - 0x00007ffd1826b000 	C:\Windows\SYSTEM32\POWRPROF.dll
0x00007ffd1ad90000 - 0x00007ffd1adfb000 	C:\Windows\System32\WS2_32.dll
0x00007ffd10430000 - 0x00007ffd1043a000 	C:\Windows\SYSTEM32\VERSION.dll
0x00007ffd045c0000 - 0x00007ffd045e7000 	C:\Windows\SYSTEM32\WINMM.dll
0x00007ffd180e0000 - 0x00007ffd180f2000 	C:\Windows\SYSTEM32\UMPDC.dll
0x00007ffd16d30000 - 0x00007ffd16d42000 	C:\Windows\SYSTEM32\kernel.appcore.dll
0x00007ffd14020000 - 0x00007ffd1402a000 	C:\Users\PC\.jdks\openjdk-23.0.1\bin\jimage.dll
0x00007ffd169e0000 - 0x00007ffd16be1000 	C:\Windows\SYSTEM32\DBGHELP.DLL
0x00007ffd02720000 - 0x00007ffd02754000 	C:\Windows\SYSTEM32\dbgcore.DLL
0x00007ffd191c0000 - 0x00007ffd19242000 	C:\Windows\System32\bcryptPrimitives.dll
0x00007ffd12e30000 - 0x00007ffd12e3f000 	C:\Users\PC\.jdks\openjdk-23.0.1\bin\instrument.dll
0x00007ffd12ba0000 - 0x00007ffd12bbe000 	C:\Users\PC\.jdks\openjdk-23.0.1\bin\java.dll
0x00007ffd1ae00000 - 0x00007ffd1af2b000 	C:\Windows\System32\ole32.dll
0x00007ffd1a160000 - 0x00007ffd1a4b4000 	C:\Windows\System32\combase.dll
0x00007ffd1a520000 - 0x00007ffd1ac90000 	C:\Windows\System32\SHELL32.dll
0x00007ffd16d50000 - 0x00007ffd174f5000 	C:\Windows\SYSTEM32\windows.storage.dll
0x00007ffd18710000 - 0x00007ffd1873b000 	C:\Windows\SYSTEM32\Wldp.dll
0x00007ffd19910000 - 0x00007ffd199dd000 	C:\Windows\System32\OLEAUT32.dll
0x00007ffd1aca0000 - 0x00007ffd1ad4d000 	C:\Windows\System32\SHCORE.dll
0x00007ffd1a4c0000 - 0x00007ffd1a51b000 	C:\Windows\System32\shlwapi.dll
0x00007ffd18c10000 - 0x00007ffd18c34000 	C:\Windows\SYSTEM32\profapi.dll
0x00007ffd02e90000 - 0x00007ffd02f67000 	C:\Users\PC\.jdks\openjdk-23.0.1\bin\jsvml.dll
0x00007ffd11990000 - 0x00007ffd119a7000 	C:\Users\PC\.jdks\openjdk-23.0.1\bin\zip.dll
0x00007ffd12dc0000 - 0x00007ffd12dd0000 	C:\Users\PC\.jdks\openjdk-23.0.1\bin\net.dll
0x00007ffd18470000 - 0x00007ffd184da000 	C:\Windows\system32\mswsock.dll
0x00007ffd129b0000 - 0x00007ffd129c6000 	C:\Users\PC\.jdks\openjdk-23.0.1\bin\nio.dll
0x00007ffd11330000 - 0x00007ffd1134a000 	C:\Program Files\JetBrains\IntelliJ IDEA Community Edition 2024.3.1.1\bin\breakgen64.dll
0x00007ffd12d90000 - 0x00007ffd12d99000 	C:\Users\PC\.jdks\openjdk-23.0.1\bin\extnet.dll
0x00007ffd12cf0000 - 0x00007ffd12cfa000 	C:\Users\PC\.jdks\openjdk-23.0.1\bin\management.dll
0x00007ffd12b90000 - 0x00007ffd12b9b000 	C:\Users\PC\.jdks\openjdk-23.0.1\bin\management_ext.dll
0x00007ffd1ac90000 - 0x00007ffd1ac98000 	C:\Windows\System32\PSAPI.DLL
0x00007ffd11320000 - 0x00007ffd1132e000 	C:\Users\PC\.jdks\openjdk-23.0.1\bin\sunmscapi.dll
0x00007ffd19060000 - 0x00007ffd191bd000 	C:\Windows\System32\CRYPT32.dll
0x00007ffd18780000 - 0x00007ffd187a7000 	C:\Windows\SYSTEM32\ncrypt.dll
0x00007ffd18740000 - 0x00007ffd1877b000 	C:\Windows\SYSTEM32\NTASN1.dll
0x00007ffd18660000 - 0x00007ffd18678000 	C:\Windows\SYSTEM32\CRYPTSP.dll
0x00007ffd17d20000 - 0x00007ffd17d58000 	C:\Windows\system32\rsaenh.dll
0x00007ffd18b90000 - 0x00007ffd18bbe000 	C:\Windows\SYSTEM32\USERENV.dll
0x00007ffd18680000 - 0x00007ffd1868c000 	C:\Windows\SYSTEM32\CRYPTBASE.dll
0x00007ffd18100000 - 0x00007ffd1813b000 	C:\Windows\SYSTEM32\IPHLPAPI.DLL
0x00007ffd1ad80000 - 0x00007ffd1ad88000 	C:\Windows\System32\NSI.dll
0x00007ffd18150000 - 0x00007ffd1821a000 	C:\Windows\SYSTEM32\DNSAPI.dll
0x00007ffd07a00000 - 0x00007ffd07a0a000 	C:\Windows\System32\rasadhlp.dll
0x00007ffd07d10000 - 0x00007ffd07d90000 	C:\Windows\System32\fwpuclnt.dll
0x00007ffcf0ee0000 - 0x00007ffcf0ee7000 	C:\Windows\system32\wshunix.dll

dbghelp: loaded successfully - version: 4.0.5 - missing functions: none
symbol engine: initialized successfully - sym options: 0x614 - pdb path: .;C:\Users\PC\.jdks\openjdk-23.0.1\bin;C:\Windows\SYSTEM32;C:\Windows\WinSxS\amd64_microsoft.windows.common-controls_6595b64144ccf1df_6.0.19041.6456_none_60b8a6cb71f64256;C:\Users\PC\.jdks\openjdk-23.0.1\bin\server;C:\Program Files\JetBrains\IntelliJ IDEA Community Edition 2024.3.1.1\bin

VM Arguments:
jvm_args: -javaagent:C:\Program Files\JetBrains\IntelliJ IDEA Community Edition 2024.3.1.1\lib\idea_rt.jar=63086:C:\Program Files\JetBrains\IntelliJ IDEA Community Edition 2024.3.1.1\bin -Dfile.encoding=UTF-8 -Dsun.stdout.encoding=UTF-8 -Dsun.stderr.encoding=UTF-8 
java_command: com.example.student_library_management_system.StudentLibraryManagementSystemApplication
java_class_path (initial): H:\september2026-spring1\student-library-management-system\target\classes;C:\Users\PC\.m2\repository\org\springframework\boot\spring-boot-starter-data-jpa\4.0.8\spring-boot-starter-data-jpa-4.0.8.jar;C:\Users\PC\.m2\repository\org\springframework\boot\spring-boot-starter\4.0.8\spring-boot-starter-4.0.8.jar;C:\Users\PC\.m2\repository\org\springframework\boot\spring-boot-starter-logging\4.0.8\spring-boot-starter-logging-4.0.8.jar;C:\Users\PC\.m2\repository\ch\qos\logback\logback-classic\1.5.38\logback-classic-1.5.38.jar;C:\Users\PC\.m2\repository\ch\qos\logback\logback-core\1.5.38\logback-core-1.5.38.jar;C:\Users\PC\.m2\repository\org\apache\logging\log4j\log4j-to-slf4j\2.25.5\log4j-to-slf4j-2.25.5.jar;C:\Users\PC\.m2\repository\org\apache\logging\log4j\log4j-api\2.25.5\log4j-api-2.25.5.jar;C:\Users\PC\.m2\repository\org\slf4j\jul-to-slf4j\2.0.18\jul-to-slf4j-2.0.18.jar;C:\Users\PC\.m2\repository\jakarta\annotation\jakarta.annotation-api\3.0.0\jakarta.annotation-api-3.0.0.jar;C:\Users\PC\.m2\repository\org\yaml\snakeyaml\2.5\snakeyaml-2.5.jar;C:\Users\PC\.m2\repository\org\springframework\boot\spring-boot-starter-jdbc\4.0.8\spring-boot-starter-jdbc-4.0.8.jar;C:\Users\PC\.m2\repository\com\zaxxer\HikariCP\7.0.2\HikariCP-7.0.2.jar;C:\Users\PC\.m2\repository\org\slf4j\slf4j-api\2.0.18\slf4j-api-2.0.18.jar;C:\Users\PC\.m2\repository\org\springframework\boot\spring-boot-data-jpa\4.0.8\spring-boot-data-jpa-4.0.8.jar;C:\Users\PC\.m2\repository\org\springframework\boot\spring-boot-data-commons\4.0.8\spring-boot-data-commons-4.0.8.jar;C:\Users\PC\.m2\repository\org\springframework\boot\spring-boot-persistence\4.0.8\spring-boot-persistence-4.0.8.jar;C:\Users\PC\.m2\repository\org\springframework\data\spring-data-commons\4.0.7\spring-data-commons-4.0.7.jar;C:\Users\PC\.m2\repository\org\springframework\boot\spring-boot-hibernate\4.0.8\spring-boot-hibernate-4.0.8.jar;C:\Users\PC\.m2\repository\org\springframework\boot\spring-boot-jpa\4.0.8\spring-boot-jpa-4.0.8.jar;C:\Users\PC\.m2\repository\jakarta\persistence\jakarta.persistence-api\3.2.0\jakarta.persistence-api-3.2.0.jar;C:\Users\PC\.m2\repository\org\hibernate\orm\hibernate-core\7.2.24.Final\hibernate-core-7.2.24.Final.jar;C:\Users\PC\.m2\repository\jakarta\transaction\jakarta.transaction-api\2.0.1\jakarta.transaction-api-2.0.1.jar;C:\Users\PC\.m2\repository\org\jboss\logging\jboss-logging\3.6.3.Final\jboss-logging-3.6.3.Final.jar;C:\Users\PC\.m2\repository\org\hibernate\models\hibernate-models\1.0.1\hibernate-models-1.0.1.jar;C:\Users\PC\.m2\repository\com\fasterxml\classmate\1.7.3\classmate-1.7.3.jar;C:\Users\PC\.m2\repository\org\glassfish\jaxb\jaxb-runtime\4.0.9\jaxb-runtime-4.0.9.jar;C:\Users\PC\.m2\repository\org\glassfish\jaxb\jaxb-core\4.0.9\jaxb-core-4.0.9.jar;C:\Users\PC\.m2\repository\org\eclipse\angus\angus-activation\2.0.3\angus-activation-2.0.3.jar;C:\Users\PC\.m2\repository\org\glassfish\jaxb\txw2\4.0.9\txw2-4.0.9.jar;C:\Users\PC\.m2\repository\com\sun\istack\istack-commons-runtime\4.1.2\istack-commons-runtime-4.1.2.jar;C:\Users\PC\.m2\repository\jakarta\inject\jakarta.inject-api\2.0.1\jakarta.inject-api-2.0.1.jar;C:\Users\PC\.m2\repository\org\springframework\spring-orm\7.0.9\spring-orm-7.0.9.jar;C:\Users\PC\.m2\repository\org\springframework\data\spring-data-jpa\4.0.7\spring-data-jpa-4.0.7.jar;C:\Users\PC\.m2\repository\org\springframework\spring-aop\7.0.9\spring-aop-7.0.9.jar;C:\Users\PC\.m2\repository\org\springframework\spring-tx\7.0.9\spring-tx-7.0.9.jar;C:\Users\PC\.m2\repository\org\springframework\spring-beans\7.0.9\spring-beans-7.0.9.jar;C:\Users\PC\.m2\repository\org\antlr\antlr4-runtime\4.13.2\antlr4-runtime-4.13.2.jar;C:\Users\PC\.m2\repository\org\springframework\spring-aspects\7.0.9\spring-aspects-7.0.9.jar;C:\Users\PC\.m2\repository\org\aspectj\aspectjweaver\1.9.25.1\aspectjweaver-1.9.25.1.jar;C:\Users\PC\.m2\repository\org\springframework\boot\spring-boot-jdbc\4.0.8\spring-boot-jdbc-4.0.8.jar;C:\Users\PC\.m2\repository\org\springframework\boot\spring-boot-sql\4.0.8\spring-boot-sql-4.0.8.jar;C:\Users\PC\.m2\repository\org\springframework\boot\spring-boot-transaction\4.0.8\spring-boot-transaction-4.0.8.jar;C:\Users\PC\.m2\repository\org\springframework\spring-jdbc\7.0.9\spring-jdbc-7.0.9.jar;C:\Users\PC\.m2\repository\org\springframework\boot\spring-boot-starter-webmvc\4.0.8\spring-boot-starter-webmvc-4.0.8.jar;C:\Users\PC\.m2\repository\org\springframework\boot\spring-boot-starter-jackson\4.0.8\spring-boot-starter-jackson-4.0.8.jar;C:\Users\PC\.m2\repository\org\springframework\boot\spring-boot-jackson\4.0.8\spring-boot-jackson-4.0.8.jar;C:\Users\PC\.m2\repository\tools\jackson\core\jackson-databind\3.1.5\jackson-databind-3.1.5.jar;C:\Users\PC\.m2\repository\com\fasterxml\jackson\core\jackson-annotations\2.21\jackson-annotations-2.21.jar;C:\Users\PC\.m2\repository\tools\jackson\core\jackson-core\3.1.5\jackson-core-3.1.5.jar;C:\Users\PC\.m2\repository\org\springframework\boot\spring-boot-starter-tomcat\4.0.8\spring-boot-starter-tomcat-4.0.8.jar;C:\Users\PC\.m2\repository\org\springframework\boot\spring-boot-starter-tomcat-runtime\4.0.8\spring-boot-starter-tomcat-runtime-4.0.8.jar;C:\Users\PC\.m2\repository\org\apache\tomcat\embed\tomcat-embed-core\11.0.24\tomcat-embed-core-11.0.24.jar;C:\Users\PC\.m2\repository\org\apache\tomcat\embed\tomcat-embed-el\11.0.24\tomcat-embed-el-11.0.24.jar;C:\Users\PC\.m2\repository\org\apache\tomcat\embed\tomcat-embed-websocket\11.0.24\tomcat-embed-websocket-11.0.24.jar;C:\Users\PC\.m2\repository\org\springframework\boot\spring-boot-tomcat\4.0.8\spring-boot-tomcat-4.0.8.jar;C:\Users\PC\.m2\repository\org\springframework\boot\spring-boot-http-converter\4.0.8\spring-boot-http-converter-4.0.8.jar;C:\Users\PC\.m2\repository\org\springframework\spring-web\7.0.9\spring-web-7.0.9.jar;C:\Users\PC\.m2\repository\io\micrometer\micrometer-observation\1.16.7\micrometer-observation-1.16.7.jar;C:\Users\PC\.m2\repository\io\micrometer\micrometer-commons\1.16.7\micrometer-commons-1.16.7.jar;C:\Users\PC\.m2\repository\org\springframework\boot\spring-boot-webmvc\4.0.8\spring-boot-webmvc-4.0.8.jar;C:\Users\PC\.m2\repository\org\springframework\boot\spring-boot-servlet\4.0.8\spring-boot-servlet-4.0.8.jar;C:\Users\PC\.m2\repository\org\springframework\spring-webmvc\7.0.9\spring-webmvc-7.0.9.jar;C:\Users\PC\.m2\repository\org\springframework\spring-expression\7.0.9\spring-expression-7.0.9.jar;C:\Users\PC\.m2\repository\org\springframework\boot\spring-boot-devtools\4.0.8\spring-boot-devtools-4.0.8.jar;C:\Users\PC\.m2\repository\org\springframework\boot\spring-boot\4.0.8\spring-boot-4.0.8.jar;C:\Users\PC\.m2\repository\org\springframework\spring-core\7.0.9\spring-core-7.0.9.jar;C:\Users\PC\.m2\repository\commons-logging\commons-logging\1.3.6\commons-logging-1.3.6.jar;C:\Users\PC\.m2\repository\org\jspecify\jspecify\1.0.1\jspecify-1.0.1.jar;C:\Users\PC\.m2\repository\org\springframework\spring-context\7.0.9\spring-context-7.0.9.jar;C:\Users\PC\.m2\repository\org\springframework\boot\spring-boot-autoconfigure\4.0.8\spring-boot-autoconfigure-4.0.8.jar;C:\Users\PC\.m2\repository\com\mysql\mysql-connector-j\9.7.0\mysql-connector-j-9.7.0.jar;C:\Users\PC\.m2\repository\org\projectlombok\lombok\1.18.46\lombok-1.18.46.jar;C:\Users\PC\.m2\repository\jakarta\xml\bind\jakarta.xml.bind-api\4.0.5\jakarta.xml.bind-api-4.0.5.jar;C:\Users\PC\.m2\repository\jakarta\activation\jakarta.activation-api\2.1.4\jakarta.activation-api-2.1.4.jar;C:\Users\PC\.m2\repository\net\bytebuddy\byte-buddy\1.17.8\byte-buddy-1.17.8.jar;C:\Users\PC\.m2\repository\org\springframework\boot\spring-boot-web-server\4.0.8\spring-boot-web-server-4.0.8.jar
Launcher Type: SUN_STANDARD

[Global flags]
     intx CICompilerCount                          = 3                                         {product} {ergonomic}
     uint ConcGCThreads                            = 1                                         {product} {ergonomic}
     uint G1ConcRefinementThreads                  = 4                                         {product} {ergonomic}
   size_t G1HeapRegionSize                         = 1048576                                   {product} {ergonomic}
   size_t InitialHeapSize                          = 65011712                                  {product} {ergonomic}
   size_t MarkStackSize                            = 4194304                                   {product} {ergonomic}
   size_t MarkStackSizeMax                         = 536870912                                 {product} {ergonomic}
   size_t MaxHeapSize                              = 1019215872                                {product} {ergonomic}
   size_t MaxNewSize                               = 611319808                                 {product} {ergonomic}
   size_t MinHeapDeltaBytes                        = 1048576                                   {product} {ergonomic}
   size_t MinHeapSize                              = 8388608                                   {product} {ergonomic}
    uintx NonNMethodCodeHeapSize                   = 5832704                                {pd product} {ergonomic}
    uintx NonProfiledCodeHeapSize                  = 122945536                              {pd product} {ergonomic}
    uintx ProfiledCodeHeapSize                     = 122880000                              {pd product} {ergonomic}
    uintx ReservedCodeCacheSize                    = 251658240                              {pd product} {ergonomic}
     bool SegmentedCodeCache                       = true                                      {product} {ergonomic}
   size_t SoftMaxHeapSize                          = 1019215872                             {manageable} {ergonomic}
     bool UseCompressedOops                        = true                           {product lp64_product} {ergonomic}
     bool UseG1GC                                  = true                                      {product} {ergonomic}
     bool UseLargePagesIndividualAllocation        = false                                  {pd product} {ergonomic}

Logging:
Log output configuration:
 #0: stdout all=warning uptime,level,tags foldmultilines=false
 #1: stderr all=off uptime,level,tags foldmultilines=false

Environment Variables:
PATH=C:\Windows\system32;C:\Windows;C:\Windows\System32\Wbem;C:\Windows\System32\WindowsPowerShell\v1.0\;C:\Windows\System32\OpenSSH\;C:\Program Files\Git\cmd;C:\Users\PC\AppData\Local\Programs\Python\Python314\Scripts\;C:\Users\PC\AppData\Local\Programs\Python\Python314\;C:\Program Files\MySQL\MySQL Shell 8.0\bin\;C:\Users\PC\AppData\Local\Microsoft\WindowsApps;
USERNAME=PC
OS=Windows_NT
PROCESSOR_IDENTIFIER=Intel64 Family 6 Model 142 Stepping 9, GenuineIntel
TMP=C:\Users\PC\AppData\Local\Temp
TEMP=C:\Users\PC\AppData\Local\Temp




Periodic native trim disabled

---------------  S Y S T E M  ---------------

OS:
 Windows 10 , 64 bit Build 19041 (10.0.19041.5915)
OS uptime: 19 days 23:34 hours

CPU: total 4 (initial active 4) (2 cores per cpu, 2 threads per core) family 6 model 142 stepping 9 microcode 0xb4, cx8, cmov, fxsr, ht, mmx, 3dnowpref, sse, sse2, sse3, ssse3, sse4.1, sse4.2, popcnt, lzcnt, tsc, tscinvbit, avx, avx2, aes, erms, clmul, bmi1, bmi2, adx, fma, vzeroupper, clflush, clflushopt, rdtscp, f16c
Processor Information for the first 4 processors :
  Max Mhz: 2701, Current Mhz: 2701, Mhz Limit: 2701

Memory: 4k page, system-wide physical 3880M (231M free)
TotalPageFile size 15656M (AvailPageFile size 9M)
current process WorkingSet (physical memory assigned to process): 25M, peak: 241M
current process commit charge ("private bytes"): 254M, peak: 281M

vm_info: OpenJDK 64-Bit Server VM (23.0.1+11-39) for windows-amd64 JRE (23.0.1+11-39), built on 2024-09-30T07:20:43Z with MS VC++ 17.6 (VS2022)

END.
